;***** constantes *****
4000 0000 ; "h0000<"		;	h0000 <
4001 0000 ; "h0001<"		;	h0001 <
4002 0000 ; "h0002<"		;	h0002 <
4003 0000 ; "h0100<"		;	h0100 <
4004 0000 ; "hE300<"		;	hE300 <
4005 0000 ; "hFF00<"		;	hFF00 <
4006 0000 ; "hFFFF<"		;	hFFFF <
4007 0000 ; "h0FFE<"		;	h0FFE <
4008 0000 ; "AmLoad<"		;	AmLoad <
4009 0000 ; "AmDownload<"		;	AmDownload <
4010 0000 ; "h0003<"		;	h0003 <
;***** variaveis para DUMPER() *****
4011 0000 ; "DUMP_INI<"		;	DUMP_INI  <
4012 0000 ; "DUMP_TAM<"		;	DUMP_TAM  <
4013 0000 ; "DUMP_UL<"		;	DUMP_UL   <
4014 0000 ; "DUMP_BL<"		;	DUMP_BL   <
4015 0000 ; "DUMP_EXE<"		;	DUMP_EXE  <
4016 0000 ; "DUMP_PT<"		;	DUMP_PT   <
4017 0000 ; "DUMP_LIM<"		;	DUMP_LIM  <
2000 0000 ; "DUMPER>"		;	DUMPER >


				;	& /0000

;**************************** DUMPER() ***************************************;

8000 0000		;	DUMPER  $ /0001   0
				;	DUMPER  $ /0001

d002 8004		;	LD hE300 ;carrega o tipo do dispositivo
d004 4013		;	        +  DUMP_UL ;soma com a UL do disp
a006 900a		;	        MM Dp_wr2
d008 8011		;	        LD DUMP_INI
800a 0000		;	Dp_wr2   $  /0001 ;PD /3UL   0
				;	Dp_wr2   $  /0001 ;PD /3UL

d00c 8004		;	LD hE300 ;carrega o tipo do dispositivo
d00e 4013		;	        +  DUMP_UL ;soma com a UL do disp
a010 9014		;	        MM Dp_wr3
d012 8012		;	        LD DUMP_TAM
8014 0000		;	Dp_wr3   $  /0001 ;PD /3UL   0
				;	Dp_wr3   $  /0001 ;PD /3UL

d016 8011		;	        LD DUMP_INI ;inicio
d018 9016		;	        MM DUMP_PT
d01a 8012		;	        LD DUMP_TAM  ;32 words
d01c 6002		;	        * h0002 ; 64 endereços
d01e 4011		;	        + DUMP_INI
d020 9017		;	        MM DUMP_LIM
d022 8016		;	loop    LD DUMP_PT
d024 5017		;	        - DUMP_LIM
a026 1040		;	        JZ endDp
d028 8004		;	        LD hE300 ;carrega o tipo do dispositivo
d02a 4013		;	        +  DUMP_UL ;soma com a UL do disp
a02c 9036		;	        MM Dp_wr
d02e 8008		;	        LD AmLoad
d030 4016		;	        +  DUMP_PT
a032 9034		;	        MM dp_rd
8034 0000		;	dp_rd   $  /0001   0
				;	dp_rd   $  /0001
8036 0000		;	Dp_wr   $  /0001 ;PD /3UL   0
				;	Dp_wr   $  /0001 ;PD /3UL
d038 8016		;	        LD DUMP_PT
d03a 4002		;	        +  h0002
d03c 9016		;	        MM DUMP_PT
a03e 0022		;	        JP loop
a040 b000		;	endDp   RS DUMPER



